<html>
<body>
<pre>
<h1>µVision Build Log</h1>
<h2>Tool Versions:</h2>
IDE-Version: µVision V5.15
Copyright (C) 2015 ARM Ltd and ARM Germany GmbH. All rights reserved.
License Information: df Yst, dfg, LIC=4ZLZ9-4GJ1R-4A4DE-58V4N-1IVFS-NE5YK
 
Tool Versions:
Toolchain:       MDK-ARM Professional  Version: 5.15.0
Toolchain Path:  C:\Keil_v5\ARM\ARMCC\Bin
C Compiler:      Armcc.exe V5.05 update 2 (build 169)
Assembler:       Armasm.exe V5.05 update 2 (build 169)
Linker/Locator:  ArmLink.exe V5.05 update 2 (build 169)
Library Manager: ArmAr.exe V5.05 update 2 (build 169)
Hex Converter:   FromElf.exe V5.05 update 2 (build 169)
CPU DLL:         SARMCM3.DLL V5.15.0
Dialog DLL:      DCM.DLL V1.13.2.0
Target DLL:      STLink\ST-LINKIII-KEIL_SWO.dll V2.0.15.0_KEIL
Dialog DLL:      TCM.DLL V1.14.5.0
 
<h2>Project:</h2>
D:\Archive\Keil\keil_v5\STM32F37x\STM32F373C8_CurveTracer\STM32F373C8_CurveTracer.uvprojx
Project File Date:  02/16/2022

<h2>Output:</h2>
*** Using Compiler 'V5.05 update 2 (build 169)', folder: 'C:\Keil_v5\ARM\ARMCC\Bin'
Build target 'STM32F373C8_CurveTracer'
compiling main.c...
compiling user.c...
linking...
Program Size: Code=1172 RO-data=424 RW-data=4 ZI-data=1636  
FromELF: creating hex file...
".\Objects\STM32F373C8_CurveTracer.axf" - 0 Error(s), 0 Warning(s).

<h2>Collection of Component include folders:</h2>
  D:\Archive\Keil\keil_v5\STM32F37x\STM32F373C8_CurveTracer\RTE
  C:\Keil_v5\ARM\PACK\Keil\STM32F3xx_DFP\1.4.0\Device\Include

<h2>Collection of Component Files used:</h2>
</pre>
</body>
</html>
