Component: ARM Compiler 5.05 update 2 (build 169) Tool: armlink [4d0f33]

==============================================================================

Section Cross References

    startup_stm32f373xc.o(STACK) refers (Special) to heapauxi.o(.text) for __use_two_region_memory
    startup_stm32f373xc.o(HEAP) refers (Special) to heapauxi.o(.text) for __use_two_region_memory
    startup_stm32f373xc.o(RESET) refers (Special) to heapauxi.o(.text) for __use_two_region_memory
    startup_stm32f373xc.o(RESET) refers to startup_stm32f373xc.o(STACK) for __initial_sp
    startup_stm32f373xc.o(RESET) refers to startup_stm32f373xc.o(.text) for Reset_Handler
    startup_stm32f373xc.o(RESET) refers to stm32f37x_it.o(i.NMI_Handler) for NMI_Handler
    startup_stm32f373xc.o(RESET) refers to stm32f37x_it.o(i.HardFault_Handler) for HardFault_Handler
    startup_stm32f373xc.o(RESET) refers to stm32f37x_it.o(i.MemManage_Handler) for MemManage_Handler
    startup_stm32f373xc.o(RESET) refers to stm32f37x_it.o(i.BusFault_Handler) for BusFault_Handler
    startup_stm32f373xc.o(RESET) refers to stm32f37x_it.o(i.UsageFault_Handler) for UsageFault_Handler
    startup_stm32f373xc.o(RESET) refers to stm32f37x_it.o(i.SVC_Handler) for SVC_Handler
    startup_stm32f373xc.o(RESET) refers to stm32f37x_it.o(i.DebugMon_Handler) for DebugMon_Handler
    startup_stm32f373xc.o(RESET) refers to stm32f37x_it.o(i.PendSV_Handler) for PendSV_Handler
    startup_stm32f373xc.o(RESET) refers to stm32f37x_it.o(i.SysTick_Handler) for SysTick_Handler
    startup_stm32f373xc.o(.text) refers (Special) to heapauxi.o(.text) for __use_two_region_memory
    startup_stm32f373xc.o(.text) refers to system_stm32f37x.o(i.SystemInit) for SystemInit
    startup_stm32f373xc.o(.text) refers to __main.o(!!!main) for __main
    startup_stm32f373xc.o(.text) refers to startup_stm32f373xc.o(HEAP) for Heap_Mem
    startup_stm32f373xc.o(.text) refers to startup_stm32f373xc.o(STACK) for Stack_Mem
    main.o(i.main) refers to user.o(i.RCC_init) for RCC_init
    main.o(i.main) refers to user.o(i.GPIO_init) for GPIO_init
    user.o(i.GPIO_init) refers to stm32f37x_gpio.o(i.GPIO_Init) for GPIO_Init
    user.o(i.GPIO_init) refers to user.o(i.SetShiftRegOut) for SetShiftRegOut
    user.o(i.RCC_init) refers to stm32f37x_rcc.o(i.RCC_AHBPeriphClockCmd) for RCC_AHBPeriphClockCmd
    system_stm32f37x.o(i.SystemCoreClockUpdate) refers to system_stm32f37x.o(.data) for SystemCoreClock
    system_stm32f37x.o(i.SystemInit) refers to system_stm32f37x.o(i.SetSysClock) for SetSysClock
    stm32f37x_gpio.o(i.GPIO_DeInit) refers to stm32f37x_rcc.o(i.RCC_AHBPeriphResetCmd) for RCC_AHBPeriphResetCmd
    stm32f37x_rcc.o(i.RCC_GetClocksFreq) refers to stm32f37x_rcc.o(.data) for APBAHBPrescTable
    stm32f37x_rcc.o(i.RCC_WaitForHSEStartUp) refers to stm32f37x_rcc.o(i.RCC_GetFlagStatus) for RCC_GetFlagStatus
    __main.o(!!!main) refers to __rtentry.o(.ARM.Collect$$rtentry$$00000000) for __rt_entry
    __rtentry.o(.ARM.Collect$$rtentry$$00000000) refers (Special) to __rtentry2.o(.ARM.Collect$$rtentry$$0000000A) for __rt_entry_li
    __rtentry.o(.ARM.Collect$$rtentry$$00000000) refers (Special) to __rtentry2.o(.ARM.Collect$$rtentry$$0000000D) for __rt_entry_main
    __rtentry.o(.ARM.Collect$$rtentry$$00000000) refers (Special) to __rtentry2.o(.ARM.Collect$$rtentry$$0000000C) for __rt_entry_postli_1
    __rtentry.o(.ARM.Collect$$rtentry$$00000000) refers (Special) to __rtentry2.o(.ARM.Collect$$rtentry$$00000009) for __rt_entry_postsh_1
    __rtentry.o(.ARM.Collect$$rtentry$$00000000) refers (Special) to __rtentry2.o(.ARM.Collect$$rtentry$$00000002) for __rt_entry_presh_1
    __rtentry.o(.ARM.Collect$$rtentry$$00000000) refers (Special) to __rtentry4.o(.ARM.Collect$$rtentry$$00000004) for __rt_entry_sh
    __rtentry2.o(.ARM.Collect$$rtentry$$00000008) refers to boardinit2.o(.text) for _platform_post_stackheap_init
    __rtentry2.o(.ARM.Collect$$rtentry$$0000000A) refers to libinit.o(.ARM.Collect$$libinit$$00000000) for __rt_lib_init
    __rtentry2.o(.ARM.Collect$$rtentry$$0000000B) refers to boardinit3.o(.text) for _platform_post_lib_init
    __rtentry2.o(.ARM.Collect$$rtentry$$0000000D) refers to main.o(i.main) for main
    __rtentry2.o(.ARM.Collect$$rtentry$$0000000D) refers to exit.o(.text) for exit
    __rtentry2.o(.ARM.exidx) refers to __rtentry2.o(.ARM.Collect$$rtentry$$00000001) for .ARM.Collect$$rtentry$$00000001
    __rtentry2.o(.ARM.exidx) refers to __rtentry2.o(.ARM.Collect$$rtentry$$00000008) for .ARM.Collect$$rtentry$$00000008
    __rtentry2.o(.ARM.exidx) refers to __rtentry2.o(.ARM.Collect$$rtentry$$0000000A) for .ARM.Collect$$rtentry$$0000000A
    __rtentry2.o(.ARM.exidx) refers to __rtentry2.o(.ARM.Collect$$rtentry$$0000000B) for .ARM.Collect$$rtentry$$0000000B
    __rtentry2.o(.ARM.exidx) refers to __rtentry2.o(.ARM.Collect$$rtentry$$0000000D) for .ARM.Collect$$rtentry$$0000000D
    __rtentry4.o(.ARM.Collect$$rtentry$$00000004) refers to sys_stackheap_outer.o(.text) for __user_setup_stackheap
    __rtentry4.o(.ARM.exidx) refers to __rtentry4.o(.ARM.Collect$$rtentry$$00000004) for .ARM.Collect$$rtentry$$00000004
    sys_stackheap_outer.o(.text) refers to libspace.o(.text) for __user_perproc_libspace
    sys_stackheap_outer.o(.text) refers to startup_stm32f373xc.o(.text) for __user_initial_stackheap
    exit.o(.text) refers to rtexit.o(.ARM.Collect$$rtexit$$00000000) for __rt_exit
    libinit.o(.ARM.Collect$$libinit$$00000000) refers (Special) to libinit2.o(.ARM.Collect$$libinit$$0000002E) for __rt_lib_init_alloca_1
    libinit.o(.ARM.Collect$$libinit$$00000000) refers (Special) to libinit2.o(.ARM.Collect$$libinit$$0000002C) for __rt_lib_init_argv_1
    libinit.o(.ARM.Collect$$libinit$$00000000) refers (Special) to libinit2.o(.ARM.Collect$$libinit$$0000001B) for __rt_lib_init_atexit_1
    libinit.o(.ARM.Collect$$libinit$$00000000) refers (Special) to libinit2.o(.ARM.Collect$$libinit$$00000021) for __rt_lib_init_clock_1
    libinit.o(.ARM.Collect$$libinit$$00000000) refers (Special) to libinit2.o(.ARM.Collect$$libinit$$00000032) for __rt_lib_init_cpp_1
    libinit.o(.ARM.Collect$$libinit$$00000000) refers (Special) to libinit2.o(.ARM.Collect$$libinit$$00000030) for __rt_lib_init_exceptions_1
    libinit.o(.ARM.Collect$$libinit$$00000000) refers (Special) to libinit2.o(.ARM.Collect$$libinit$$00000001) for __rt_lib_init_fp_1
    libinit.o(.ARM.Collect$$libinit$$00000000) refers (Special) to libinit2.o(.ARM.Collect$$libinit$$0000001F) for __rt_lib_init_fp_trap_1
    libinit.o(.ARM.Collect$$libinit$$00000000) refers (Special) to libinit2.o(.ARM.Collect$$libinit$$00000023) for __rt_lib_init_getenv_1
    libinit.o(.ARM.Collect$$libinit$$00000000) refers (Special) to libinit2.o(.ARM.Collect$$libinit$$0000000A) for __rt_lib_init_heap_1
    libinit.o(.ARM.Collect$$libinit$$00000000) refers (Special) to libinit2.o(.ARM.Collect$$libinit$$00000011) for __rt_lib_init_lc_collate_1
    libinit.o(.ARM.Collect$$libinit$$00000000) refers (Special) to libinit2.o(.ARM.Collect$$libinit$$00000013) for __rt_lib_init_lc_ctype_1
    libinit.o(.ARM.Collect$$libinit$$00000000) refers (Special) to libinit2.o(.ARM.Collect$$libinit$$00000015) for __rt_lib_init_lc_monetary_1
    libinit.o(.ARM.Collect$$libinit$$00000000) refers (Special) to libinit2.o(.ARM.Collect$$libinit$$00000017) for __rt_lib_init_lc_numeric_1
    libinit.o(.ARM.Collect$$libinit$$00000000) refers (Special) to libinit2.o(.ARM.Collect$$libinit$$00000019) for __rt_lib_init_lc_time_1
    libinit.o(.ARM.Collect$$libinit$$00000000) refers (Special) to libinit2.o(.ARM.Collect$$libinit$$00000004) for __rt_lib_init_preinit_1
    libinit.o(.ARM.Collect$$libinit$$00000000) refers (Special) to libinit2.o(.ARM.Collect$$libinit$$0000000E) for __rt_lib_init_rand_1
    libinit.o(.ARM.Collect$$libinit$$00000000) refers (Special) to libinit2.o(.ARM.Collect$$libinit$$00000033) for __rt_lib_init_return
    libinit.o(.ARM.Collect$$libinit$$00000000) refers (Special) to libinit2.o(.ARM.Collect$$libinit$$0000001D) for __rt_lib_init_signal_1
    libinit.o(.ARM.Collect$$libinit$$00000000) refers (Special) to libinit2.o(.ARM.Collect$$libinit$$00000025) for __rt_lib_init_stdio_1
    libinit.o(.ARM.Collect$$libinit$$00000000) refers (Special) to libinit2.o(.ARM.Collect$$libinit$$0000000C) for __rt_lib_init_user_alloc_1
    libspace.o(.text) refers to libspace.o(.bss) for __libspace_start
    rtexit.o(.ARM.Collect$$rtexit$$00000000) refers (Special) to rtexit2.o(.ARM.Collect$$rtexit$$00000004) for __rt_exit_exit
    rtexit.o(.ARM.Collect$$rtexit$$00000000) refers (Special) to rtexit2.o(.ARM.Collect$$rtexit$$00000003) for __rt_exit_ls
    rtexit.o(.ARM.Collect$$rtexit$$00000000) refers (Special) to rtexit2.o(.ARM.Collect$$rtexit$$00000002) for __rt_exit_prels_1
    rtexit.o(.ARM.exidx) refers (Special) to rtexit2.o(.ARM.Collect$$rtexit$$00000004) for __rt_exit_exit
    rtexit.o(.ARM.exidx) refers (Special) to rtexit2.o(.ARM.Collect$$rtexit$$00000003) for __rt_exit_ls
    rtexit.o(.ARM.exidx) refers (Special) to rtexit2.o(.ARM.Collect$$rtexit$$00000002) for __rt_exit_prels_1
    rtexit.o(.ARM.exidx) refers to rtexit.o(.ARM.Collect$$rtexit$$00000000) for .ARM.Collect$$rtexit$$00000000
    libinit2.o(.ARM.Collect$$libinit$$00000001) refers to fpinit.o(x$fpl$fpinit) for _fp_init
    libinit2.o(.ARM.Collect$$libinit$$00000010) refers to libinit2.o(.ARM.Collect$$libinit$$0000000F) for .ARM.Collect$$libinit$$0000000F
    libinit2.o(.ARM.Collect$$libinit$$00000012) refers to libinit2.o(.ARM.Collect$$libinit$$0000000F) for .ARM.Collect$$libinit$$0000000F
    libinit2.o(.ARM.Collect$$libinit$$00000014) refers to libinit2.o(.ARM.Collect$$libinit$$0000000F) for .ARM.Collect$$libinit$$0000000F
    libinit2.o(.ARM.Collect$$libinit$$00000016) refers to libinit2.o(.ARM.Collect$$libinit$$0000000F) for .ARM.Collect$$libinit$$0000000F
    libinit2.o(.ARM.Collect$$libinit$$00000018) refers to libinit2.o(.ARM.Collect$$libinit$$0000000F) for .ARM.Collect$$libinit$$0000000F
    libinit2.o(.ARM.Collect$$libinit$$00000026) refers to argv_veneer.o(.emb_text) for __ARM_argv_veneer
    libinit2.o(.ARM.Collect$$libinit$$00000027) refers to argv_veneer.o(.emb_text) for __ARM_argv_veneer
    rtexit2.o(.ARM.Collect$$rtexit$$00000003) refers to libshutdown.o(.ARM.Collect$$libshutdown$$00000000) for __rt_lib_shutdown
    rtexit2.o(.ARM.Collect$$rtexit$$00000004) refers to sys_exit.o(.text) for _sys_exit
    rtexit2.o(.ARM.exidx) refers to rtexit2.o(.ARM.Collect$$rtexit$$00000001) for .ARM.Collect$$rtexit$$00000001
    rtexit2.o(.ARM.exidx) refers to rtexit2.o(.ARM.Collect$$rtexit$$00000003) for .ARM.Collect$$rtexit$$00000003
    rtexit2.o(.ARM.exidx) refers to rtexit2.o(.ARM.Collect$$rtexit$$00000004) for .ARM.Collect$$rtexit$$00000004
    argv_veneer.o(.emb_text) refers to no_argv.o(.text) for __ARM_get_argv
    sys_exit.o(.text) refers (Special) to use_no_semi.o(.text) for __I$use$semihosting
    sys_exit.o(.text) refers (Special) to indicate_semi.o(.text) for __semihosting_library_function
    _get_argv_nomalloc.o(.text) refers (Special) to hrguard.o(.text) for __heap_region$guard
    _get_argv_nomalloc.o(.text) refers to defsig_rtmem_outer.o(.text) for __rt_SIGRTMEM
    _get_argv_nomalloc.o(.text) refers to sys_command.o(.text) for _sys_command_string
    libshutdown.o(.ARM.Collect$$libshutdown$$00000000) refers (Special) to libshutdown2.o(.ARM.Collect$$libshutdown$$00000006) for __rt_lib_shutdown_fp_trap_1
    libshutdown.o(.ARM.Collect$$libshutdown$$00000000) refers (Special) to libshutdown2.o(.ARM.Collect$$libshutdown$$0000000E) for __rt_lib_shutdown_heap_1
    libshutdown.o(.ARM.Collect$$libshutdown$$00000000) refers (Special) to libshutdown2.o(.ARM.Collect$$libshutdown$$0000000F) for __rt_lib_shutdown_return
    libshutdown.o(.ARM.Collect$$libshutdown$$00000000) refers (Special) to libshutdown2.o(.ARM.Collect$$libshutdown$$00000009) for __rt_lib_shutdown_signal_1
    libshutdown.o(.ARM.Collect$$libshutdown$$00000000) refers (Special) to libshutdown2.o(.ARM.Collect$$libshutdown$$00000003) for __rt_lib_shutdown_stdio_1
    libshutdown.o(.ARM.Collect$$libshutdown$$00000000) refers (Special) to libshutdown2.o(.ARM.Collect$$libshutdown$$0000000B) for __rt_lib_shutdown_user_alloc_1
    sys_command.o(.text) refers (Special) to use_no_semi.o(.text) for __I$use$semihosting
    sys_command.o(.text) refers (Special) to indicate_semi.o(.text) for __semihosting_library_function
    defsig_rtmem_outer.o(.text) refers to defsig_rtmem_inner.o(.text) for __rt_SIGRTMEM_inner
    defsig_rtmem_outer.o(.text) refers to defsig_exit.o(.text) for __sig_exit
    defsig_rtmem_formal.o(.text) refers to rt_raise.o(.text) for __rt_raise
    rt_raise.o(.text) refers to __raise.o(.text) for __raise
    rt_raise.o(.text) refers to sys_exit.o(.text) for _sys_exit
    defsig_exit.o(.text) refers to sys_exit.o(.text) for _sys_exit
    defsig_rtmem_inner.o(.text) refers to defsig_general.o(.text) for __default_signal_display
    __raise.o(.text) refers to defsig.o(CL$$defsig) for __default_signal_handler
    defsig_general.o(.text) refers to sys_wrch.o(.text) for _ttywrch
    sys_wrch.o(.text) refers (Special) to use_no_semi.o(.text) for __I$use$semihosting
    sys_wrch.o(.text) refers (Special) to indicate_semi.o(.text) for __semihosting_library_function
    defsig.o(CL$$defsig) refers to defsig_rtmem_inner.o(.text) for __rt_SIGRTMEM_inner
    defsig_abrt_inner.o(.text) refers to defsig_general.o(.text) for __default_signal_display
    defsig_fpe_inner.o(.text) refers to defsig_general.o(.text) for __default_signal_display
    defsig_rtred_inner.o(.text) refers to defsig_general.o(.text) for __default_signal_display
    defsig_stak_inner.o(.text) refers to defsig_general.o(.text) for __default_signal_display
    defsig_pvfn_inner.o(.text) refers to defsig_general.o(.text) for __default_signal_display
    defsig_cppl_inner.o(.text) refers to defsig_general.o(.text) for __default_signal_display
    defsig_segv_inner.o(.text) refers to defsig_general.o(.text) for __default_signal_display
    defsig_other.o(.text) refers to defsig_general.o(.text) for __default_signal_display


==============================================================================

Removing Unused input sections from the image.

    Removing main.o(.rev16_text), (4 bytes).
    Removing main.o(.revsh_text), (4 bytes).
    Removing stm32f37x_it.o(.rev16_text), (4 bytes).
    Removing stm32f37x_it.o(.revsh_text), (4 bytes).
    Removing user.o(.rev16_text), (4 bytes).
    Removing user.o(.revsh_text), (4 bytes).
    Removing system_stm32f37x.o(.rev16_text), (4 bytes).
    Removing system_stm32f37x.o(.revsh_text), (4 bytes).
    Removing system_stm32f37x.o(i.SystemCoreClockUpdate), (160 bytes).
    Removing system_stm32f37x.o(.data), (20 bytes).
    Removing stm32f37x_gpio.o(.rev16_text), (4 bytes).
    Removing stm32f37x_gpio.o(.revsh_text), (4 bytes).
    Removing stm32f37x_gpio.o(i.GPIO_DeInit), (176 bytes).
    Removing stm32f37x_gpio.o(i.GPIO_PinAFConfig), (70 bytes).
    Removing stm32f37x_gpio.o(i.GPIO_PinLockConfig), (34 bytes).
    Removing stm32f37x_gpio.o(i.GPIO_ReadInputData), (6 bytes).
    Removing stm32f37x_gpio.o(i.GPIO_ReadInputDataBit), (18 bytes).
    Removing stm32f37x_gpio.o(i.GPIO_ReadOutputData), (6 bytes).
    Removing stm32f37x_gpio.o(i.GPIO_ReadOutputDataBit), (18 bytes).
    Removing stm32f37x_gpio.o(i.GPIO_ResetBits), (4 bytes).
    Removing stm32f37x_gpio.o(i.GPIO_SetBits), (4 bytes).
    Removing stm32f37x_gpio.o(i.GPIO_StructInit), (22 bytes).
    Removing stm32f37x_gpio.o(i.GPIO_Write), (4 bytes).
    Removing stm32f37x_gpio.o(i.GPIO_WriteBit), (10 bytes).
    Removing stm32f37x_misc.o(.rev16_text), (4 bytes).
    Removing stm32f37x_misc.o(.revsh_text), (4 bytes).
    Removing stm32f37x_misc.o(i.NVIC_Init), (112 bytes).
    Removing stm32f37x_misc.o(i.NVIC_PriorityGroupConfig), (20 bytes).
    Removing stm32f37x_misc.o(i.NVIC_SetVectorTable), (20 bytes).
    Removing stm32f37x_misc.o(i.NVIC_SystemLPConfig), (32 bytes).
    Removing stm32f37x_misc.o(i.SysTick_CLKSourceConfig), (40 bytes).
    Removing stm32f37x_rcc.o(.rev16_text), (4 bytes).
    Removing stm32f37x_rcc.o(.revsh_text), (4 bytes).
    Removing stm32f37x_rcc.o(i.RCC_ADCCLKConfig), (28 bytes).
    Removing stm32f37x_rcc.o(i.RCC_AHBPeriphResetCmd), (32 bytes).
    Removing stm32f37x_rcc.o(i.RCC_APB1PeriphClockCmd), (32 bytes).
    Removing stm32f37x_rcc.o(i.RCC_APB1PeriphResetCmd), (32 bytes).
    Removing stm32f37x_rcc.o(i.RCC_APB2PeriphClockCmd), (32 bytes).
    Removing stm32f37x_rcc.o(i.RCC_APB2PeriphResetCmd), (32 bytes).
    Removing stm32f37x_rcc.o(i.RCC_AdjustHSICalibrationValue), (24 bytes).
    Removing stm32f37x_rcc.o(i.RCC_BackupResetCmd), (12 bytes).
    Removing stm32f37x_rcc.o(i.RCC_CECCLKConfig), (28 bytes).
    Removing stm32f37x_rcc.o(i.RCC_ClearFlag), (20 bytes).
    Removing stm32f37x_rcc.o(i.RCC_ClearITPendingBit), (12 bytes).
    Removing stm32f37x_rcc.o(i.RCC_ClockSecuritySystemCmd), (12 bytes).
    Removing stm32f37x_rcc.o(i.RCC_DeInit), (96 bytes).
    Removing stm32f37x_rcc.o(i.RCC_GetClocksFreq), (528 bytes).
    Removing stm32f37x_rcc.o(i.RCC_GetFlagStatus), (60 bytes).
    Removing stm32f37x_rcc.o(i.RCC_GetITStatus), (24 bytes).
    Removing stm32f37x_rcc.o(i.RCC_GetSYSCLKSource), (16 bytes).
    Removing stm32f37x_rcc.o(i.RCC_HCLKConfig), (24 bytes).
    Removing stm32f37x_rcc.o(i.RCC_HSEConfig), (16 bytes).
    Removing stm32f37x_rcc.o(i.RCC_HSICmd), (12 bytes).
    Removing stm32f37x_rcc.o(i.RCC_I2CCLKConfig), (48 bytes).
    Removing stm32f37x_rcc.o(i.RCC_ITConfig), (32 bytes).
    Removing stm32f37x_rcc.o(i.RCC_LSEConfig), (36 bytes).
    Removing stm32f37x_rcc.o(i.RCC_LSEDriveConfig), (28 bytes).
    Removing stm32f37x_rcc.o(i.RCC_LSICmd), (12 bytes).
    Removing stm32f37x_rcc.o(i.RCC_MCOConfig), (12 bytes).
    Removing stm32f37x_rcc.o(i.RCC_PCLK1Config), (24 bytes).
    Removing stm32f37x_rcc.o(i.RCC_PCLK2Config), (24 bytes).
    Removing stm32f37x_rcc.o(i.RCC_PLLCmd), (12 bytes).
    Removing stm32f37x_rcc.o(i.RCC_PLLConfig), (32 bytes).
    Removing stm32f37x_rcc.o(i.RCC_PREDIV1Config), (24 bytes).
    Removing stm32f37x_rcc.o(i.RCC_RTCCLKCmd), (12 bytes).
    Removing stm32f37x_rcc.o(i.RCC_RTCCLKConfig), (16 bytes).
    Removing stm32f37x_rcc.o(i.RCC_SDADCCLKConfig), (28 bytes).
    Removing stm32f37x_rcc.o(i.RCC_SYSCLKConfig), (24 bytes).
    Removing stm32f37x_rcc.o(i.RCC_USARTCLKConfig), (80 bytes).
    Removing stm32f37x_rcc.o(i.RCC_USBCLKConfig), (12 bytes).
    Removing stm32f37x_rcc.o(i.RCC_WaitForHSEStartUp), (56 bytes).
    Removing stm32f37x_rcc.o(.data), (36 bytes).

72 unused section(s) (total 2452 bytes) removed from the image.

==============================================================================

Image Symbol Table

    Local Symbols

    Symbol Name                              Value     Ov Type        Size  Object(Section)

    ../clib/angel/boardlib.s                 0x00000000   Number         0  boardshut.o ABSOLUTE
    ../clib/angel/boardlib.s                 0x00000000   Number         0  boardinit3.o ABSOLUTE
    ../clib/angel/boardlib.s                 0x00000000   Number         0  boardinit2.o ABSOLUTE
    ../clib/angel/boardlib.s                 0x00000000   Number         0  boardinit1.o ABSOLUTE
    ../clib/angel/handlers.s                 0x00000000   Number         0  __scatter_zi.o ABSOLUTE
    ../clib/angel/kernel.s                   0x00000000   Number         0  rtexit.o ABSOLUTE
    ../clib/angel/kernel.s                   0x00000000   Number         0  rtexit2.o ABSOLUTE
    ../clib/angel/kernel.s                   0x00000000   Number         0  __rtentry.o ABSOLUTE
    ../clib/angel/kernel.s                   0x00000000   Number         0  __rtentry2.o ABSOLUTE
    ../clib/angel/kernel.s                   0x00000000   Number         0  __rtentry4.o ABSOLUTE
    ../clib/angel/rt.s                       0x00000000   Number         0  rt_raise.o ABSOLUTE
    ../clib/angel/scatter.s                  0x00000000   Number         0  __scatter.o ABSOLUTE
    ../clib/angel/startup.s                  0x00000000   Number         0  __main.o ABSOLUTE
    ../clib/angel/sys.s                      0x00000000   Number         0  use_no_semi.o ABSOLUTE
    ../clib/angel/sys.s                      0x00000000   Number         0  indicate_semi.o ABSOLUTE
    ../clib/angel/sys.s                      0x00000000   Number         0  sys_stackheap_outer.o ABSOLUTE
    ../clib/angel/sys.s                      0x00000000   Number         0  libspace.o ABSOLUTE
    ../clib/angel/sysapp.c                   0x00000000   Number         0  sys_command.o ABSOLUTE
    ../clib/angel/sysapp.c                   0x00000000   Number         0  sys_exit.o ABSOLUTE
    ../clib/angel/sysapp.c                   0x00000000   Number         0  sys_wrch.o ABSOLUTE
    ../clib/armsys.c                         0x00000000   Number         0  argv_veneer.o ABSOLUTE
    ../clib/armsys.c                         0x00000000   Number         0  argv_veneer.o ABSOLUTE
    ../clib/armsys.c                         0x00000000   Number         0  no_argv.o ABSOLUTE
    ../clib/armsys.c                         0x00000000   Number         0  _get_argv_nomalloc.o ABSOLUTE
    ../clib/heapalloc.c                      0x00000000   Number         0  hrguard.o ABSOLUTE
    ../clib/heapaux.c                        0x00000000   Number         0  heapauxi.o ABSOLUTE
    ../clib/libinit.s                        0x00000000   Number         0  libinit2.o ABSOLUTE
    ../clib/libinit.s                        0x00000000   Number         0  libshutdown2.o ABSOLUTE
    ../clib/libinit.s                        0x00000000   Number         0  libinit.o ABSOLUTE
    ../clib/libinit.s                        0x00000000   Number         0  libshutdown.o ABSOLUTE
    ../clib/signal.c                         0x00000000   Number         0  defsig_cppl_inner.o ABSOLUTE
    ../clib/signal.c                         0x00000000   Number         0  defsig_other.o ABSOLUTE
    ../clib/signal.c                         0x00000000   Number         0  defsig_segv_inner.o ABSOLUTE
    ../clib/signal.c                         0x00000000   Number         0  defsig_general.o ABSOLUTE
    ../clib/signal.c                         0x00000000   Number         0  __raise.o ABSOLUTE
    ../clib/signal.c                         0x00000000   Number         0  defsig_rtmem_inner.o ABSOLUTE
    ../clib/signal.c                         0x00000000   Number         0  defsig_rtmem_outer.o ABSOLUTE
    ../clib/signal.c                         0x00000000   Number         0  defsig_exit.o ABSOLUTE
    ../clib/signal.c                         0x00000000   Number         0  defsig_abrt_inner.o ABSOLUTE
    ../clib/signal.c                         0x00000000   Number         0  defsig_fpe_inner.o ABSOLUTE
    ../clib/signal.c                         0x00000000   Number         0  defsig_rtred_inner.o ABSOLUTE
    ../clib/signal.c                         0x00000000   Number         0  defsig_rtmem_formal.o ABSOLUTE
    ../clib/signal.c                         0x00000000   Number         0  defsig_stak_inner.o ABSOLUTE
    ../clib/signal.c                         0x00000000   Number         0  defsig_pvfn_inner.o ABSOLUTE
    ../clib/signal.s                         0x00000000   Number         0  defsig.o ABSOLUTE
    ../clib/stdlib.c                         0x00000000   Number         0  exit.o ABSOLUTE
    ../fplib/fpinit.s                        0x00000000   Number         0  fpinit.o ABSOLUTE
    ..\STM32F37x_DSP_StdPeriph_Lib_V1.1.0\Libraries\CMSIS\Device\ST\STM32F37x\Source\Templates\system_stm32f37x.c 0x00000000   Number         0  system_stm32f37x.o ABSOLUTE
    ..\STM32F37x_DSP_StdPeriph_Lib_V1.1.0\Libraries\STM32F37x_StdPeriph_Driver\src\stm32f37x_gpio.c 0x00000000   Number         0  stm32f37x_gpio.o ABSOLUTE
    ..\STM32F37x_DSP_StdPeriph_Lib_V1.1.0\Libraries\STM32F37x_StdPeriph_Driver\src\stm32f37x_misc.c 0x00000000   Number         0  stm32f37x_misc.o ABSOLUTE
    ..\STM32F37x_DSP_StdPeriph_Lib_V1.1.0\Libraries\STM32F37x_StdPeriph_Driver\src\stm32f37x_rcc.c 0x00000000   Number         0  stm32f37x_rcc.o ABSOLUTE
    ..\\STM32F37x_DSP_StdPeriph_Lib_V1.1.0\\Libraries\\CMSIS\\Device\\ST\\STM32F37x\\Source\\Templates\\system_stm32f37x.c 0x00000000   Number         0  system_stm32f37x.o ABSOLUTE
    ..\\STM32F37x_DSP_StdPeriph_Lib_V1.1.0\\Libraries\\STM32F37x_StdPeriph_Driver\\src\\stm32f37x_gpio.c 0x00000000   Number         0  stm32f37x_gpio.o ABSOLUTE
    ..\\STM32F37x_DSP_StdPeriph_Lib_V1.1.0\\Libraries\\STM32F37x_StdPeriph_Driver\\src\\stm32f37x_misc.c 0x00000000   Number         0  stm32f37x_misc.o ABSOLUTE
    ..\\STM32F37x_DSP_StdPeriph_Lib_V1.1.0\\Libraries\\STM32F37x_StdPeriph_Driver\\src\\stm32f37x_rcc.c 0x00000000   Number         0  stm32f37x_rcc.o ABSOLUTE
    dc.s                                     0x00000000   Number         0  dc.o ABSOLUTE
    src\\main.c                              0x00000000   Number         0  main.o ABSOLUTE
    src\\stm32f37x_it.c                      0x00000000   Number         0  stm32f37x_it.o ABSOLUTE
    src\\user.c                              0x00000000   Number         0  user.o ABSOLUTE
    src\main.c                               0x00000000   Number         0  main.o ABSOLUTE
    src\stm32f37x_it.c                       0x00000000   Number         0  stm32f37x_it.o ABSOLUTE
    src\user.c                               0x00000000   Number         0  user.o ABSOLUTE
    startup_stm32f373xc.s                    0x00000000   Number         0  startup_stm32f373xc.o ABSOLUTE
    RESET                                    0x08000000   Section      392  startup_stm32f373xc.o(RESET)
    !!!main                                  0x08000188   Section        8  __main.o(!!!main)
    !!!scatter                               0x08000190   Section       52  __scatter.o(!!!scatter)
    !!handler_zi                             0x080001c4   Section       28  __scatter_zi.o(!!handler_zi)
    .ARM.Collect$$libinit$$00000000          0x080001e0   Section        2  libinit.o(.ARM.Collect$$libinit$$00000000)
    .ARM.Collect$$libinit$$00000001          0x080001e2   Section        4  libinit2.o(.ARM.Collect$$libinit$$00000001)
    .ARM.Collect$$libinit$$00000004          0x080001e6   Section        0  libinit2.o(.ARM.Collect$$libinit$$00000004)
    .ARM.Collect$$libinit$$0000000A          0x080001e6   Section        0  libinit2.o(.ARM.Collect$$libinit$$0000000A)
    .ARM.Collect$$libinit$$0000000C          0x080001e6   Section        0  libinit2.o(.ARM.Collect$$libinit$$0000000C)
    .ARM.Collect$$libinit$$0000000E          0x080001e6   Section        0  libinit2.o(.ARM.Collect$$libinit$$0000000E)
    .ARM.Collect$$libinit$$00000011          0x080001e6   Section        0  libinit2.o(.ARM.Collect$$libinit$$00000011)
    .ARM.Collect$$libinit$$00000013          0x080001e6   Section        0  libinit2.o(.ARM.Collect$$libinit$$00000013)
    .ARM.Collect$$libinit$$00000015          0x080001e6   Section        0  libinit2.o(.ARM.Collect$$libinit$$00000015)
    .ARM.Collect$$libinit$$00000017          0x080001e6   Section        0  libinit2.o(.ARM.Collect$$libinit$$00000017)
    .ARM.Collect$$libinit$$00000019          0x080001e6   Section        0  libinit2.o(.ARM.Collect$$libinit$$00000019)
    .ARM.Collect$$libinit$$0000001B          0x080001e6   Section        0  libinit2.o(.ARM.Collect$$libinit$$0000001B)
    .ARM.Collect$$libinit$$0000001D          0x080001e6   Section        0  libinit2.o(.ARM.Collect$$libinit$$0000001D)
    .ARM.Collect$$libinit$$0000001F          0x080001e6   Section        0  libinit2.o(.ARM.Collect$$libinit$$0000001F)
    .ARM.Collect$$libinit$$00000021          0x080001e6   Section        0  libinit2.o(.ARM.Collect$$libinit$$00000021)
    .ARM.Collect$$libinit$$00000023          0x080001e6   Section        0  libinit2.o(.ARM.Collect$$libinit$$00000023)
    .ARM.Collect$$libinit$$00000025          0x080001e6   Section        0  libinit2.o(.ARM.Collect$$libinit$$00000025)
    .ARM.Collect$$libinit$$0000002C          0x080001e6   Section        0  libinit2.o(.ARM.Collect$$libinit$$0000002C)
    .ARM.Collect$$libinit$$0000002E          0x080001e6   Section        0  libinit2.o(.ARM.Collect$$libinit$$0000002E)
    .ARM.Collect$$libinit$$00000030          0x080001e6   Section        0  libinit2.o(.ARM.Collect$$libinit$$00000030)
    .ARM.Collect$$libinit$$00000032          0x080001e6   Section        0  libinit2.o(.ARM.Collect$$libinit$$00000032)
    .ARM.Collect$$libinit$$00000033          0x080001e6   Section        2  libinit2.o(.ARM.Collect$$libinit$$00000033)
    .ARM.Collect$$libshutdown$$00000000      0x080001e8   Section        2  libshutdown.o(.ARM.Collect$$libshutdown$$00000000)
    .ARM.Collect$$libshutdown$$00000003      0x080001ea   Section        0  libshutdown2.o(.ARM.Collect$$libshutdown$$00000003)
    .ARM.Collect$$libshutdown$$00000006      0x080001ea   Section        0  libshutdown2.o(.ARM.Collect$$libshutdown$$00000006)
    .ARM.Collect$$libshutdown$$00000009      0x080001ea   Section        0  libshutdown2.o(.ARM.Collect$$libshutdown$$00000009)
    .ARM.Collect$$libshutdown$$0000000B      0x080001ea   Section        0  libshutdown2.o(.ARM.Collect$$libshutdown$$0000000B)
    .ARM.Collect$$libshutdown$$0000000E      0x080001ea   Section        0  libshutdown2.o(.ARM.Collect$$libshutdown$$0000000E)
    .ARM.Collect$$libshutdown$$0000000F      0x080001ea   Section        2  libshutdown2.o(.ARM.Collect$$libshutdown$$0000000F)
    .ARM.Collect$$rtentry$$00000000          0x080001ec   Section        0  __rtentry.o(.ARM.Collect$$rtentry$$00000000)
    .ARM.Collect$$rtentry$$00000002          0x080001ec   Section        0  __rtentry2.o(.ARM.Collect$$rtentry$$00000002)
    .ARM.Collect$$rtentry$$00000004          0x080001ec   Section        6  __rtentry4.o(.ARM.Collect$$rtentry$$00000004)
    .ARM.Collect$$rtentry$$00000009          0x080001f2   Section        0  __rtentry2.o(.ARM.Collect$$rtentry$$00000009)
    .ARM.Collect$$rtentry$$0000000A          0x080001f2   Section        4  __rtentry2.o(.ARM.Collect$$rtentry$$0000000A)
    .ARM.Collect$$rtentry$$0000000C          0x080001f6   Section        0  __rtentry2.o(.ARM.Collect$$rtentry$$0000000C)
    .ARM.Collect$$rtentry$$0000000D          0x080001f6   Section        8  __rtentry2.o(.ARM.Collect$$rtentry$$0000000D)
    .ARM.Collect$$rtexit$$00000000           0x080001fe   Section        2  rtexit.o(.ARM.Collect$$rtexit$$00000000)
    .ARM.Collect$$rtexit$$00000002           0x08000200   Section        0  rtexit2.o(.ARM.Collect$$rtexit$$00000002)
    .ARM.Collect$$rtexit$$00000003           0x08000200   Section        4  rtexit2.o(.ARM.Collect$$rtexit$$00000003)
    .ARM.Collect$$rtexit$$00000004           0x08000204   Section        6  rtexit2.o(.ARM.Collect$$rtexit$$00000004)
    .text                                    0x0800020c   Section       64  startup_stm32f373xc.o(.text)
    $v0                                      0x0800020c   Number         0  startup_stm32f373xc.o(.text)
    .text                                    0x0800024c   Section        0  heapauxi.o(.text)
    .text                                    0x08000252   Section       74  sys_stackheap_outer.o(.text)
    .text                                    0x0800029c   Section        0  exit.o(.text)
    .text                                    0x080002a8   Section        8  libspace.o(.text)
    .text                                    0x080002b0   Section        0  sys_exit.o(.text)
    .text                                    0x080002bc   Section        2  use_no_semi.o(.text)
    .text                                    0x080002be   Section        0  indicate_semi.o(.text)
    i.BusFault_Handler                       0x080002be   Section        0  stm32f37x_it.o(i.BusFault_Handler)
    i.DebugMon_Handler                       0x080002c2   Section        0  stm32f37x_it.o(i.DebugMon_Handler)
    i.GPIO_Init                              0x080002c4   Section        0  stm32f37x_gpio.o(i.GPIO_Init)
    i.GPIO_init                              0x08000354   Section        0  user.o(i.GPIO_init)
    i.HardFault_Handler                      0x080003a0   Section        0  stm32f37x_it.o(i.HardFault_Handler)
    i.MemManage_Handler                      0x080003a4   Section        0  stm32f37x_it.o(i.MemManage_Handler)
    i.NMI_Handler                            0x080003a8   Section        0  stm32f37x_it.o(i.NMI_Handler)
    i.PendSV_Handler                         0x080003aa   Section        0  stm32f37x_it.o(i.PendSV_Handler)
    i.RCC_AHBPeriphClockCmd                  0x080003ac   Section        0  stm32f37x_rcc.o(i.RCC_AHBPeriphClockCmd)
    i.RCC_init                               0x080003cc   Section        0  user.o(i.RCC_init)
    i.SVC_Handler                            0x080003f0   Section        0  stm32f37x_it.o(i.SVC_Handler)
    i.SetShiftRegOut                         0x080003f2   Section        0  user.o(i.SetShiftRegOut)
    i.SetSysClock                            0x08000404   Section        0  system_stm32f37x.o(i.SetSysClock)
    SetSysClock                              0x08000405   Thumb Code   188  system_stm32f37x.o(i.SetSysClock)
    i.SysTick_Handler                        0x080004c8   Section        0  stm32f37x_it.o(i.SysTick_Handler)
    i.SystemInit                             0x080004cc   Section        0  system_stm32f37x.o(i.SystemInit)
    i.UsageFault_Handler                     0x0800054c   Section        0  stm32f37x_it.o(i.UsageFault_Handler)
    i.main                                   0x08000550   Section        0  main.o(i.main)
    x$fpl$fpinit                             0x0800055c   Section       10  fpinit.o(x$fpl$fpinit)
    $v0                                      0x0800055c   Number         0  fpinit.o(x$fpl$fpinit)
    .bss                                     0x20000000   Section       96  libspace.o(.bss)
    HEAP                                     0x20000060   Section      512  startup_stm32f373xc.o(HEAP)
    Heap_Mem                                 0x20000060   Data         512  startup_stm32f373xc.o(HEAP)
    STACK                                    0x20000260   Section     1024  startup_stm32f373xc.o(STACK)
    Stack_Mem                                0x20000260   Data        1024  startup_stm32f373xc.o(STACK)
    __initial_sp                             0x20000660   Data           0  startup_stm32f373xc.o(STACK)

    Global Symbols

    Symbol Name                              Value     Ov Type        Size  Object(Section)

    BuildAttributes$$THM_ISAv4$E$P$D$K$B$S$7EM$VFPi3$EXTD16$VFPS$VFMA$PE$A:L22UL41UL21$X:L11$S22US41US21$IEEE1$IW$USESV6$~STKCKD$USESV7$~SHL$OSPACE$ROPI$EBA8$UX$STANDARDLIB$REQ8$PRES8$EABIv2 0x00000000   Number         0  anon$$obj.o ABSOLUTE
    __ARM_use_no_argv                        0x00000000   Number         0  main.o ABSOLUTE
    __ARM_exceptions_init                     - Undefined Weak Reference
    __alloca_initialize                       - Undefined Weak Reference
    __arm_preinit_                            - Undefined Weak Reference
    __cpp_initialize__aeabi_                  - Undefined Weak Reference
    __cxa_finalize                            - Undefined Weak Reference
    __rt_locale                               - Undefined Weak Reference
    __sigvec_lookup                           - Undefined Weak Reference
    _atexit_init                              - Undefined Weak Reference
    _call_atexit_fns                          - Undefined Weak Reference
    _clock_init                               - Undefined Weak Reference
    _fp_trap_init                             - Undefined Weak Reference
    _fp_trap_shutdown                         - Undefined Weak Reference
    _get_lc_collate                           - Undefined Weak Reference
    _get_lc_ctype                             - Undefined Weak Reference
    _get_lc_monetary                          - Undefined Weak Reference
    _get_lc_numeric                           - Undefined Weak Reference
    _get_lc_time                              - Undefined Weak Reference
    _getenv_init                              - Undefined Weak Reference
    _handle_redirection                       - Undefined Weak Reference
    _init_alloc                               - Undefined Weak Reference
    _init_user_alloc                          - Undefined Weak Reference
    _initio                                   - Undefined Weak Reference
    _rand_init                                - Undefined Weak Reference
    _signal_finish                            - Undefined Weak Reference
    _signal_init                              - Undefined Weak Reference
    _terminate_alloc                          - Undefined Weak Reference
    _terminate_user_alloc                     - Undefined Weak Reference
    _terminateio                              - Undefined Weak Reference
    __Vectors_Size                           0x00000188   Number         0  startup_stm32f373xc.o ABSOLUTE
    __Vectors                                0x08000000   Data           4  startup_stm32f373xc.o(RESET)
    __Vectors_End                            0x08000188   Data           0  startup_stm32f373xc.o(RESET)
    __main                                   0x08000189   Thumb Code     8  __main.o(!!!main)
    __scatterload                            0x08000191   Thumb Code     0  __scatter.o(!!!scatter)
    __scatterload_rt2                        0x08000191   Thumb Code    44  __scatter.o(!!!scatter)
    __scatterload_rt2_thumb_only             0x08000191   Thumb Code     0  __scatter.o(!!!scatter)
    __scatterload_null                       0x0800019f   Thumb Code     0  __scatter.o(!!!scatter)
    __scatterload_zeroinit                   0x080001c5   Thumb Code    28  __scatter_zi.o(!!handler_zi)
    __rt_lib_init                            0x080001e1   Thumb Code     0  libinit.o(.ARM.Collect$$libinit$$00000000)
    __rt_lib_init_fp_1                       0x080001e3   Thumb Code     0  libinit2.o(.ARM.Collect$$libinit$$00000001)
    __rt_lib_init_alloca_1                   0x080001e7   Thumb Code     0  libinit2.o(.ARM.Collect$$libinit$$0000002E)
    __rt_lib_init_argv_1                     0x080001e7   Thumb Code     0  libinit2.o(.ARM.Collect$$libinit$$0000002C)
    __rt_lib_init_atexit_1                   0x080001e7   Thumb Code     0  libinit2.o(.ARM.Collect$$libinit$$0000001B)
    __rt_lib_init_clock_1                    0x080001e7   Thumb Code     0  libinit2.o(.ARM.Collect$$libinit$$00000021)
    __rt_lib_init_cpp_1                      0x080001e7   Thumb Code     0  libinit2.o(.ARM.Collect$$libinit$$00000032)
    __rt_lib_init_exceptions_1               0x080001e7   Thumb Code     0  libinit2.o(.ARM.Collect$$libinit$$00000030)
    __rt_lib_init_fp_trap_1                  0x080001e7   Thumb Code     0  libinit2.o(.ARM.Collect$$libinit$$0000001F)
    __rt_lib_init_getenv_1                   0x080001e7   Thumb Code     0  libinit2.o(.ARM.Collect$$libinit$$00000023)
    __rt_lib_init_heap_1                     0x080001e7   Thumb Code     0  libinit2.o(.ARM.Collect$$libinit$$0000000A)
    __rt_lib_init_lc_collate_1               0x080001e7   Thumb Code     0  libinit2.o(.ARM.Collect$$libinit$$00000011)
    __rt_lib_init_lc_ctype_1                 0x080001e7   Thumb Code     0  libinit2.o(.ARM.Collect$$libinit$$00000013)
    __rt_lib_init_lc_monetary_1              0x080001e7   Thumb Code     0  libinit2.o(.ARM.Collect$$libinit$$00000015)
    __rt_lib_init_lc_numeric_1               0x080001e7   Thumb Code     0  libinit2.o(.ARM.Collect$$libinit$$00000017)
    __rt_lib_init_lc_time_1                  0x080001e7   Thumb Code     0  libinit2.o(.ARM.Collect$$libinit$$00000019)
    __rt_lib_init_preinit_1                  0x080001e7   Thumb Code     0  libinit2.o(.ARM.Collect$$libinit$$00000004)
    __rt_lib_init_rand_1                     0x080001e7   Thumb Code     0  libinit2.o(.ARM.Collect$$libinit$$0000000E)
    __rt_lib_init_return                     0x080001e7   Thumb Code     0  libinit2.o(.ARM.Collect$$libinit$$00000033)
    __rt_lib_init_signal_1                   0x080001e7   Thumb Code     0  libinit2.o(.ARM.Collect$$libinit$$0000001D)
    __rt_lib_init_stdio_1                    0x080001e7   Thumb Code     0  libinit2.o(.ARM.Collect$$libinit$$00000025)
    __rt_lib_init_user_alloc_1               0x080001e7   Thumb Code     0  libinit2.o(.ARM.Collect$$libinit$$0000000C)
    __rt_lib_shutdown                        0x080001e9   Thumb Code     0  libshutdown.o(.ARM.Collect$$libshutdown$$00000000)
    __rt_lib_shutdown_fp_trap_1              0x080001eb   Thumb Code     0  libshutdown2.o(.ARM.Collect$$libshutdown$$00000006)
    __rt_lib_shutdown_heap_1                 0x080001eb   Thumb Code     0  libshutdown2.o(.ARM.Collect$$libshutdown$$0000000E)
    __rt_lib_shutdown_return                 0x080001eb   Thumb Code     0  libshutdown2.o(.ARM.Collect$$libshutdown$$0000000F)
    __rt_lib_shutdown_signal_1               0x080001eb   Thumb Code     0  libshutdown2.o(.ARM.Collect$$libshutdown$$00000009)
    __rt_lib_shutdown_stdio_1                0x080001eb   Thumb Code     0  libshutdown2.o(.ARM.Collect$$libshutdown$$00000003)
    __rt_lib_shutdown_user_alloc_1           0x080001eb   Thumb Code     0  libshutdown2.o(.ARM.Collect$$libshutdown$$0000000B)
    __rt_entry                               0x080001ed   Thumb Code     0  __rtentry.o(.ARM.Collect$$rtentry$$00000000)
    __rt_entry_presh_1                       0x080001ed   Thumb Code     0  __rtentry2.o(.ARM.Collect$$rtentry$$00000002)
    __rt_entry_sh                            0x080001ed   Thumb Code     0  __rtentry4.o(.ARM.Collect$$rtentry$$00000004)
    __rt_entry_li                            0x080001f3   Thumb Code     0  __rtentry2.o(.ARM.Collect$$rtentry$$0000000A)
    __rt_entry_postsh_1                      0x080001f3   Thumb Code     0  __rtentry2.o(.ARM.Collect$$rtentry$$00000009)
    __rt_entry_main                          0x080001f7   Thumb Code     0  __rtentry2.o(.ARM.Collect$$rtentry$$0000000D)
    __rt_entry_postli_1                      0x080001f7   Thumb Code     0  __rtentry2.o(.ARM.Collect$$rtentry$$0000000C)
    __rt_exit                                0x080001ff   Thumb Code     0  rtexit.o(.ARM.Collect$$rtexit$$00000000)
    __rt_exit_ls                             0x08000201   Thumb Code     0  rtexit2.o(.ARM.Collect$$rtexit$$00000003)
    __rt_exit_prels_1                        0x08000201   Thumb Code     0  rtexit2.o(.ARM.Collect$$rtexit$$00000002)
    __rt_exit_exit                           0x08000205   Thumb Code     0  rtexit2.o(.ARM.Collect$$rtexit$$00000004)
    Reset_Handler                            0x0800020d   Thumb Code     8  startup_stm32f373xc.o(.text)
    ADC1_IRQHandler                          0x08000227   Thumb Code     0  startup_stm32f373xc.o(.text)
    CAN_RX0_IRQHandler                       0x08000227   Thumb Code     0  startup_stm32f373xc.o(.text)
    CAN_RX1_IRQHandler                       0x08000227   Thumb Code     0  startup_stm32f373xc.o(.text)
    CAN_SCE_IRQHandler                       0x08000227   Thumb Code     0  startup_stm32f373xc.o(.text)
    CAN_TX_IRQHandler                        0x08000227   Thumb Code     0  startup_stm32f373xc.o(.text)
    CEC_IRQHandler                           0x08000227   Thumb Code     0  startup_stm32f373xc.o(.text)
    COMP1_2_IRQHandler                       0x08000227   Thumb Code     0  startup_stm32f373xc.o(.text)
    DMA1_Channel1_IRQHandler                 0x08000227   Thumb Code     0  startup_stm32f373xc.o(.text)
    DMA1_Channel2_IRQHandler                 0x08000227   Thumb Code     0  startup_stm32f373xc.o(.text)
    DMA1_Channel3_IRQHandler                 0x08000227   Thumb Code     0  startup_stm32f373xc.o(.text)
    DMA1_Channel4_IRQHandler                 0x08000227   Thumb Code     0  startup_stm32f373xc.o(.text)
    DMA1_Channel5_IRQHandler                 0x08000227   Thumb Code     0  startup_stm32f373xc.o(.text)
    DMA1_Channel6_IRQHandler                 0x08000227   Thumb Code     0  startup_stm32f373xc.o(.text)
    DMA1_Channel7_IRQHandler                 0x08000227   Thumb Code     0  startup_stm32f373xc.o(.text)
    DMA2_Channel1_IRQHandler                 0x08000227   Thumb Code     0  startup_stm32f373xc.o(.text)
    DMA2_Channel2_IRQHandler                 0x08000227   Thumb Code     0  startup_stm32f373xc.o(.text)
    DMA2_Channel3_IRQHandler                 0x08000227   Thumb Code     0  startup_stm32f373xc.o(.text)
    DMA2_Channel4_IRQHandler                 0x08000227   Thumb Code     0  startup_stm32f373xc.o(.text)
    DMA2_Channel5_IRQHandler                 0x08000227   Thumb Code     0  startup_stm32f373xc.o(.text)
    EXTI0_IRQHandler                         0x08000227   Thumb Code     0  startup_stm32f373xc.o(.text)
    EXTI15_10_IRQHandler                     0x08000227   Thumb Code     0  startup_stm32f373xc.o(.text)
    EXTI1_IRQHandler                         0x08000227   Thumb Code     0  startup_stm32f373xc.o(.text)
    EXTI2_TSC_IRQHandler                     0x08000227   Thumb Code     0  startup_stm32f373xc.o(.text)
    EXTI3_IRQHandler                         0x08000227   Thumb Code     0  startup_stm32f373xc.o(.text)
    EXTI4_IRQHandler                         0x08000227   Thumb Code     0  startup_stm32f373xc.o(.text)
    EXTI9_5_IRQHandler                       0x08000227   Thumb Code     0  startup_stm32f373xc.o(.text)
    FLASH_IRQHandler                         0x08000227   Thumb Code     0  startup_stm32f373xc.o(.text)
    FPU_IRQHandler                           0x08000227   Thumb Code     0  startup_stm32f373xc.o(.text)
    I2C1_ER_IRQHandler                       0x08000227   Thumb Code     0  startup_stm32f373xc.o(.text)
    I2C1_EV_IRQHandler                       0x08000227   Thumb Code     0  startup_stm32f373xc.o(.text)
    I2C2_ER_IRQHandler                       0x08000227   Thumb Code     0  startup_stm32f373xc.o(.text)
    I2C2_EV_IRQHandler                       0x08000227   Thumb Code     0  startup_stm32f373xc.o(.text)
    PVD_IRQHandler                           0x08000227   Thumb Code     0  startup_stm32f373xc.o(.text)
    RCC_IRQHandler                           0x08000227   Thumb Code     0  startup_stm32f373xc.o(.text)
    RTC_Alarm_IRQHandler                     0x08000227   Thumb Code     0  startup_stm32f373xc.o(.text)
    RTC_WKUP_IRQHandler                      0x08000227   Thumb Code     0  startup_stm32f373xc.o(.text)
    SDADC1_IRQHandler                        0x08000227   Thumb Code     0  startup_stm32f373xc.o(.text)
    SDADC2_IRQHandler                        0x08000227   Thumb Code     0  startup_stm32f373xc.o(.text)
    SDADC3_IRQHandler                        0x08000227   Thumb Code     0  startup_stm32f373xc.o(.text)
    SPI1_IRQHandler                          0x08000227   Thumb Code     0  startup_stm32f373xc.o(.text)
    SPI2_IRQHandler                          0x08000227   Thumb Code     0  startup_stm32f373xc.o(.text)
    SPI3_IRQHandler                          0x08000227   Thumb Code     0  startup_stm32f373xc.o(.text)
    TAMP_STAMP_IRQHandler                    0x08000227   Thumb Code     0  startup_stm32f373xc.o(.text)
    TIM12_IRQHandler                         0x08000227   Thumb Code     0  startup_stm32f373xc.o(.text)
    TIM13_IRQHandler                         0x08000227   Thumb Code     0  startup_stm32f373xc.o(.text)
    TIM14_IRQHandler                         0x08000227   Thumb Code     0  startup_stm32f373xc.o(.text)
    TIM15_IRQHandler                         0x08000227   Thumb Code     0  startup_stm32f373xc.o(.text)
    TIM16_IRQHandler                         0x08000227   Thumb Code     0  startup_stm32f373xc.o(.text)
    TIM17_IRQHandler                         0x08000227   Thumb Code     0  startup_stm32f373xc.o(.text)
    TIM18_DAC2_IRQHandler                    0x08000227   Thumb Code     0  startup_stm32f373xc.o(.text)
    TIM19_IRQHandler                         0x08000227   Thumb Code     0  startup_stm32f373xc.o(.text)
    TIM2_IRQHandler                          0x08000227   Thumb Code     0  startup_stm32f373xc.o(.text)
    TIM3_IRQHandler                          0x08000227   Thumb Code     0  startup_stm32f373xc.o(.text)
    TIM4_IRQHandler                          0x08000227   Thumb Code     0  startup_stm32f373xc.o(.text)
    TIM5_IRQHandler                          0x08000227   Thumb Code     0  startup_stm32f373xc.o(.text)
    TIM6_DAC1_IRQHandler                     0x08000227   Thumb Code     0  startup_stm32f373xc.o(.text)
    TIM7_IRQHandler                          0x08000227   Thumb Code     0  startup_stm32f373xc.o(.text)
    USART1_IRQHandler                        0x08000227   Thumb Code     0  startup_stm32f373xc.o(.text)
    USART2_IRQHandler                        0x08000227   Thumb Code     0  startup_stm32f373xc.o(.text)
    USART3_IRQHandler                        0x08000227   Thumb Code     0  startup_stm32f373xc.o(.text)
    USBWakeUp_IRQHandler                     0x08000227   Thumb Code     0  startup_stm32f373xc.o(.text)
    USB_HP_IRQHandler                        0x08000227   Thumb Code     0  startup_stm32f373xc.o(.text)
    USB_LP_IRQHandler                        0x08000227   Thumb Code     0  startup_stm32f373xc.o(.text)
    WWDG_IRQHandler                          0x08000227   Thumb Code     0  startup_stm32f373xc.o(.text)
    __user_initial_stackheap                 0x08000229   Thumb Code     0  startup_stm32f373xc.o(.text)
    __use_two_region_memory                  0x0800024d   Thumb Code     2  heapauxi.o(.text)
    __rt_heap_escrow$2region                 0x0800024f   Thumb Code     2  heapauxi.o(.text)
    __rt_heap_expand$2region                 0x08000251   Thumb Code     2  heapauxi.o(.text)
    __user_setup_stackheap                   0x08000253   Thumb Code    74  sys_stackheap_outer.o(.text)
    exit                                     0x0800029d   Thumb Code    12  exit.o(.text)
    __user_libspace                          0x080002a9   Thumb Code     8  libspace.o(.text)
    __user_perproc_libspace                  0x080002a9   Thumb Code     0  libspace.o(.text)
    __user_perthread_libspace                0x080002a9   Thumb Code     0  libspace.o(.text)
    _sys_exit                                0x080002b1   Thumb Code     8  sys_exit.o(.text)
    __I$use$semihosting                      0x080002bd   Thumb Code     0  use_no_semi.o(.text)
    __use_no_semihosting_swi                 0x080002bd   Thumb Code     2  use_no_semi.o(.text)
    BusFault_Handler                         0x080002bf   Thumb Code     4  stm32f37x_it.o(i.BusFault_Handler)
    __semihosting_library_function           0x080002bf   Thumb Code     0  indicate_semi.o(.text)
    DebugMon_Handler                         0x080002c3   Thumb Code     2  stm32f37x_it.o(i.DebugMon_Handler)
    GPIO_Init                                0x080002c5   Thumb Code   144  stm32f37x_gpio.o(i.GPIO_Init)
    GPIO_init                                0x08000355   Thumb Code    70  user.o(i.GPIO_init)
    HardFault_Handler                        0x080003a1   Thumb Code     4  stm32f37x_it.o(i.HardFault_Handler)
    MemManage_Handler                        0x080003a5   Thumb Code     4  stm32f37x_it.o(i.MemManage_Handler)
    NMI_Handler                              0x080003a9   Thumb Code     2  stm32f37x_it.o(i.NMI_Handler)
    PendSV_Handler                           0x080003ab   Thumb Code     2  stm32f37x_it.o(i.PendSV_Handler)
    RCC_AHBPeriphClockCmd                    0x080003ad   Thumb Code    26  stm32f37x_rcc.o(i.RCC_AHBPeriphClockCmd)
    RCC_init                                 0x080003cd   Thumb Code    36  user.o(i.RCC_init)
    SVC_Handler                              0x080003f1   Thumb Code     2  stm32f37x_it.o(i.SVC_Handler)
    SetShiftRegOut                           0x080003f3   Thumb Code    16  user.o(i.SetShiftRegOut)
    SysTick_Handler                          0x080004c9   Thumb Code     2  stm32f37x_it.o(i.SysTick_Handler)
    SystemInit                               0x080004cd   Thumb Code   110  system_stm32f37x.o(i.SystemInit)
    UsageFault_Handler                       0x0800054d   Thumb Code     4  stm32f37x_it.o(i.UsageFault_Handler)
    main                                     0x08000551   Thumb Code    12  main.o(i.main)
    _fp_init                                 0x0800055d   Thumb Code    10  fpinit.o(x$fpl$fpinit)
    __fplib_config_fpu_vfp                   0x08000565   Thumb Code     0  fpinit.o(x$fpl$fpinit)
    __fplib_config_pureend_doubles           0x08000565   Thumb Code     0  fpinit.o(x$fpl$fpinit)
    Region$$Table$$Base                      0x08000568   Number         0  anon$$obj.o(Region$$Table)
    Region$$Table$$Limit                     0x08000578   Number         0  anon$$obj.o(Region$$Table)
    __libspace_start                         0x20000000   Data          96  libspace.o(.bss)
    __temporary_stack_top$libspace           0x20000060   Data           0  libspace.o(.bss)



==============================================================================

Memory Map of the image

  Image Entry point : 0x08000189

  Load Region LR_IROM1 (Base: 0x08000000, Size: 0x00000578, Max: 0x00010000, ABSOLUTE)

    Execution Region ER_IROM1 (Base: 0x08000000, Size: 0x00000578, Max: 0x00010000, ABSOLUTE)

    Base Addr    Size         Type   Attr      Idx    E Section Name        Object

    0x08000000   0x00000188   Data   RO            3    RESET               startup_stm32f373xc.o
    0x08000188   0x00000008   Code   RO          599  * !!!main             c_w.l(__main.o)
    0x08000190   0x00000034   Code   RO          755    !!!scatter          c_w.l(__scatter.o)
    0x080001c4   0x0000001c   Code   RO          757    !!handler_zi        c_w.l(__scatter_zi.o)
    0x080001e0   0x00000002   Code   RO          626    .ARM.Collect$$libinit$$00000000  c_w.l(libinit.o)
    0x080001e2   0x00000004   Code   RO          632    .ARM.Collect$$libinit$$00000001  c_w.l(libinit2.o)
    0x080001e6   0x00000000   Code   RO          635    .ARM.Collect$$libinit$$00000004  c_w.l(libinit2.o)
    0x080001e6   0x00000000   Code   RO          638    .ARM.Collect$$libinit$$0000000A  c_w.l(libinit2.o)
    0x080001e6   0x00000000   Code   RO          640    .ARM.Collect$$libinit$$0000000C  c_w.l(libinit2.o)
    0x080001e6   0x00000000   Code   RO          642    .ARM.Collect$$libinit$$0000000E  c_w.l(libinit2.o)
    0x080001e6   0x00000000   Code   RO          645    .ARM.Collect$$libinit$$00000011  c_w.l(libinit2.o)
    0x080001e6   0x00000000   Code   RO          647    .ARM.Collect$$libinit$$00000013  c_w.l(libinit2.o)
    0x080001e6   0x00000000   Code   RO          649    .ARM.Collect$$libinit$$00000015  c_w.l(libinit2.o)
    0x080001e6   0x00000000   Code   RO          651    .ARM.Collect$$libinit$$00000017  c_w.l(libinit2.o)
    0x080001e6   0x00000000   Code   RO          653    .ARM.Collect$$libinit$$00000019  c_w.l(libinit2.o)
    0x080001e6   0x00000000   Code   RO          655    .ARM.Collect$$libinit$$0000001B  c_w.l(libinit2.o)
    0x080001e6   0x00000000   Code   RO          657    .ARM.Collect$$libinit$$0000001D  c_w.l(libinit2.o)
    0x080001e6   0x00000000   Code   RO          659    .ARM.Collect$$libinit$$0000001F  c_w.l(libinit2.o)
    0x080001e6   0x00000000   Code   RO          661    .ARM.Collect$$libinit$$00000021  c_w.l(libinit2.o)
    0x080001e6   0x00000000   Code   RO          663    .ARM.Collect$$libinit$$00000023  c_w.l(libinit2.o)
    0x080001e6   0x00000000   Code   RO          665    .ARM.Collect$$libinit$$00000025  c_w.l(libinit2.o)
    0x080001e6   0x00000000   Code   RO          669    .ARM.Collect$$libinit$$0000002C  c_w.l(libinit2.o)
    0x080001e6   0x00000000   Code   RO          671    .ARM.Collect$$libinit$$0000002E  c_w.l(libinit2.o)
    0x080001e6   0x00000000   Code   RO          673    .ARM.Collect$$libinit$$00000030  c_w.l(libinit2.o)
    0x080001e6   0x00000000   Code   RO          675    .ARM.Collect$$libinit$$00000032  c_w.l(libinit2.o)
    0x080001e6   0x00000002   Code   RO          676    .ARM.Collect$$libinit$$00000033  c_w.l(libinit2.o)
    0x080001e8   0x00000002   Code   RO          696    .ARM.Collect$$libshutdown$$00000000  c_w.l(libshutdown.o)
    0x080001ea   0x00000000   Code   RO          710    .ARM.Collect$$libshutdown$$00000003  c_w.l(libshutdown2.o)
    0x080001ea   0x00000000   Code   RO          713    .ARM.Collect$$libshutdown$$00000006  c_w.l(libshutdown2.o)
    0x080001ea   0x00000000   Code   RO          716    .ARM.Collect$$libshutdown$$00000009  c_w.l(libshutdown2.o)
    0x080001ea   0x00000000   Code   RO          718    .ARM.Collect$$libshutdown$$0000000B  c_w.l(libshutdown2.o)
    0x080001ea   0x00000000   Code   RO          721    .ARM.Collect$$libshutdown$$0000000E  c_w.l(libshutdown2.o)
    0x080001ea   0x00000002   Code   RO          722    .ARM.Collect$$libshutdown$$0000000F  c_w.l(libshutdown2.o)
    0x080001ec   0x00000000   Code   RO          601    .ARM.Collect$$rtentry$$00000000  c_w.l(__rtentry.o)
    0x080001ec   0x00000000   Code   RO          603    .ARM.Collect$$rtentry$$00000002  c_w.l(__rtentry2.o)
    0x080001ec   0x00000006   Code   RO          615    .ARM.Collect$$rtentry$$00000004  c_w.l(__rtentry4.o)
    0x080001f2   0x00000000   Code   RO          605    .ARM.Collect$$rtentry$$00000009  c_w.l(__rtentry2.o)
    0x080001f2   0x00000004   Code   RO          606    .ARM.Collect$$rtentry$$0000000A  c_w.l(__rtentry2.o)
    0x080001f6   0x00000000   Code   RO          608    .ARM.Collect$$rtentry$$0000000C  c_w.l(__rtentry2.o)
    0x080001f6   0x00000008   Code   RO          609    .ARM.Collect$$rtentry$$0000000D  c_w.l(__rtentry2.o)
    0x080001fe   0x00000002   Code   RO          630    .ARM.Collect$$rtexit$$00000000  c_w.l(rtexit.o)
    0x08000200   0x00000000   Code   RO          678    .ARM.Collect$$rtexit$$00000002  c_w.l(rtexit2.o)
    0x08000200   0x00000004   Code   RO          679    .ARM.Collect$$rtexit$$00000003  c_w.l(rtexit2.o)
    0x08000204   0x00000006   Code   RO          680    .ARM.Collect$$rtexit$$00000004  c_w.l(rtexit2.o)
    0x0800020a   0x00000002   PAD
    0x0800020c   0x00000040   Code   RO            4    .text               startup_stm32f373xc.o
    0x0800024c   0x00000006   Code   RO          597    .text               c_w.l(heapauxi.o)
    0x08000252   0x0000004a   Code   RO          617    .text               c_w.l(sys_stackheap_outer.o)
    0x0800029c   0x0000000c   Code   RO          619    .text               c_w.l(exit.o)
    0x080002a8   0x00000008   Code   RO          627    .text               c_w.l(libspace.o)
    0x080002b0   0x0000000c   Code   RO          688    .text               c_w.l(sys_exit.o)
    0x080002bc   0x00000002   Code   RO          699    .text               c_w.l(use_no_semi.o)
    0x080002be   0x00000000   Code   RO          701    .text               c_w.l(indicate_semi.o)
    0x080002be   0x00000004   Code   RO           71    i.BusFault_Handler  stm32f37x_it.o
    0x080002c2   0x00000002   Code   RO           72    i.DebugMon_Handler  stm32f37x_it.o
    0x080002c4   0x00000090   Code   RO          212    i.GPIO_Init         stm32f37x_gpio.o
    0x08000354   0x0000004c   Code   RO          142    i.GPIO_init         user.o
    0x080003a0   0x00000004   Code   RO           73    i.HardFault_Handler  stm32f37x_it.o
    0x080003a4   0x00000004   Code   RO           74    i.MemManage_Handler  stm32f37x_it.o
    0x080003a8   0x00000002   Code   RO           75    i.NMI_Handler       stm32f37x_it.o
    0x080003aa   0x00000002   Code   RO           76    i.PendSV_Handler    stm32f37x_it.o
    0x080003ac   0x00000020   Code   RO          348    i.RCC_AHBPeriphClockCmd  stm32f37x_rcc.o
    0x080003cc   0x00000024   Code   RO          143    i.RCC_init          user.o
    0x080003f0   0x00000002   Code   RO           77    i.SVC_Handler       stm32f37x_it.o
    0x080003f2   0x00000010   Code   RO          144    i.SetShiftRegOut    user.o
    0x08000402   0x00000002   PAD
    0x08000404   0x000000c4   Code   RO          174    i.SetSysClock       system_stm32f37x.o
    0x080004c8   0x00000002   Code   RO           78    i.SysTick_Handler   stm32f37x_it.o
    0x080004ca   0x00000002   PAD
    0x080004cc   0x00000080   Code   RO          176    i.SystemInit        system_stm32f37x.o
    0x0800054c   0x00000004   Code   RO           79    i.UsageFault_Handler  stm32f37x_it.o
    0x08000550   0x0000000c   Code   RO           12    i.main              main.o
    0x0800055c   0x0000000a   Code   RO          686    x$fpl$fpinit        fz_wm.l(fpinit.o)
    0x08000566   0x00000002   PAD
    0x08000568   0x00000010   Data   RO          753    Region$$Table       anon$$obj.o


    Execution Region RW_IRAM1 (Base: 0x20000000, Size: 0x00000660, Max: 0x00004000, ABSOLUTE)

    Base Addr    Size         Type   Attr      Idx    E Section Name        Object

    0x20000000   0x00000060   Zero   RW          628    .bss                c_w.l(libspace.o)
    0x20000060   0x00000200   Zero   RW            2    HEAP                startup_stm32f373xc.o
    0x20000260   0x00000400   Zero   RW            1    STACK               startup_stm32f373xc.o


==============================================================================

Image component sizes


      Code (inc. data)   RO Data    RW Data    ZI Data      Debug   Object Name

        12          0          0          0          0     167959   main.o
        64         26        392          0       1536        852   startup_stm32f373xc.o
       144          0          0          0          0       1392   stm32f37x_gpio.o
        26          0          0          0          0       4106   stm32f37x_it.o
        32          6          0          0          0        716   stm32f37x_rcc.o
       324         26          0          0          0       2045   system_stm32f37x.o
       128          6          0          0          0       1480   user.o

    ----------------------------------------------------------------------
       734         64        408          0       1536     178550   Object Totals
         0          0         16          0          0          0   (incl. Generated)
         4          0          0          0          0          0   (incl. Padding)

    ----------------------------------------------------------------------

      Code (inc. data)   RO Data    RW Data    ZI Data      Debug   Library Member Name

         8          0          0          0          0         68   __main.o
         0          0          0          0          0          0   __rtentry.o
        12          0          0          0          0          0   __rtentry2.o
         6          0          0          0          0          0   __rtentry4.o
        52          8          0          0          0          0   __scatter.o
        28          0          0          0          0          0   __scatter_zi.o
        12          0          0          0          0         72   exit.o
         6          0          0          0          0        152   heapauxi.o
         0          0          0          0          0          0   indicate_semi.o
         2          0          0          0          0          0   libinit.o
         6          0          0          0          0          0   libinit2.o
         2          0          0          0          0          0   libshutdown.o
         2          0          0          0          0          0   libshutdown2.o
         8          4          0          0         96         68   libspace.o
         2          0          0          0          0          0   rtexit.o
        10          0          0          0          0          0   rtexit2.o
        12          4          0          0          0         68   sys_exit.o
        74          0          0          0          0         80   sys_stackheap_outer.o
         2          0          0          0          0         68   use_no_semi.o
        10          0          0          0          0        116   fpinit.o

    ----------------------------------------------------------------------
       258         16          0          0         96        692   Library Totals
         4          0          0          0          0          0   (incl. Padding)

    ----------------------------------------------------------------------

      Code (inc. data)   RO Data    RW Data    ZI Data      Debug   Library Name

       244         16          0          0         96        576   c_w.l
        10          0          0          0          0        116   fz_wm.l

    ----------------------------------------------------------------------
       258         16          0          0         96        692   Library Totals

    ----------------------------------------------------------------------

==============================================================================


      Code (inc. data)   RO Data    RW Data    ZI Data      Debug   

       992         80        408          0       1632     177718   Grand Totals
       992         80        408          0       1632     177718   ELF Image Totals
       992         80        408          0          0          0   ROM Totals

==============================================================================

    Total RO  Size (Code + RO Data)                 1400 (   1.37kB)
    Total RW  Size (RW Data + ZI Data)              1632 (   1.59kB)
    Total ROM Size (Code + RO Data + RW Data)       1400 (   1.37kB)

==============================================================================

